HCompV -A -T 2 -C configs/hcompv.conf -v 2.0 -f 0.01 -m -S lists/train.data -M models/hmm0 models/prototype 
Stream 1
 Mean Vector 
      -0.05     2.72     1.26     0.71     0.43     2.27     1.26     0.71     0.47    -0.45    -0.01     0.00 
 Variance Vector 
       2.00     2.00     2.00     2.00     2.00     2.02     2.00     2.00     3.11     2.61     2.00     2.00 
HCompV -A -T 2 -C configs/hcompv.conf -v 2.0 -f 0.01 -m -S lists/train.data -M models/hmm0 models/prototype 
Stream 1
 Mean Vector 
      -0.05     2.72     1.26     0.71     0.43     2.27     1.26     0.71     0.47    -0.45    -0.01     0.00 
 Variance Vector 
       2.00     2.00     2.00     2.00     2.00     2.02     2.00     2.00     3.11     2.61     2.00     2.00 
HCompV -A -T 2 -C configs/hcompv.conf -v 2.0 -f 0.01 -m -S lists/train.data -M models/hmm0 models/prototype 
Stream 1
 Mean Vector 
      -0.05     2.72     1.26     0.71     0.43     2.27     1.26     0.71     0.47    -0.45    -0.01     0.00 
 Variance Vector 
       2.00     2.00     2.00     2.00     2.00     2.02     2.00     2.00     3.11     2.61     2.00     2.00 
HCompV -A -T 2 -C configs/hcompv.conf -v 2.0 -f 0.01 -m -S lists/train.data -M models/hmm0 models/prototype 
Stream 1
 Mean Vector 
      -0.05     2.72     1.26     0.71     0.43     2.27     1.26     0.71     0.47    -0.45    -0.01     0.00 
 Variance Vector 
       2.00     2.00     2.00     2.00     2.00     2.02     2.00     2.00     3.11     2.61     2.00     2.00 
HRest -A -i 60 -C configs/hrest.conf -v 0.1 -I all_labels.mlf -M models/hmm1 -S lists/train.data models/hmm0/lion 
HRest -A -i 60 -C configs/hrest.conf -v 0.1 -I all_labels.mlf -M models/hmm1 -S lists/train.data models/hmm0/box 
HRest -A -i 60 -C configs/hrest.conf -v 0.1 -I all_labels.mlf -M models/hmm1 -S lists/train.data models/hmm0/alligator 
HRest -A -i 60 -C configs/hrest.conf -v 0.1 -I all_labels.mlf -M models/hmm1 -S lists/train.data models/hmm0/grey 
HRest -A -i 60 -C configs/hrest.conf -v 0.1 -I all_labels.mlf -M models/hmm1 -S lists/train.data models/hmm0/sil0 
HRest -A -i 60 -C configs/hrest.conf -v 0.1 -I all_labels.mlf -M models/hmm1 -S lists/train.data models/hmm0/wall 
HRest -A -i 60 -C configs/hrest.conf -v 0.1 -I all_labels.mlf -M models/hmm1 -S lists/train.data models/hmm0/prototype 
